>> Code,Title,Semester,Credits
INFO1001,Introduction to Programming,4
INFO2112,Software Development,5
INFO1112,Data Structures and Algorithms,2
INFO3001,Advanced Topics in Information Systems,1
INFO2005, Football,7
INFO2001,Database Systems,10
MATH1064, Discrete Math,6  
ELEC1601, Computer System,3
>> MATH1064, Discrete Math,6  
>> Code,Title,Semester,Credits
ELEC1601, Computer System,3
INFO1001,Introduction to Programming,4
INFO1112,Data Structures and Algorithms,2
INFO2001,Database Systems,10
INFO2005, Football,7
INFO2112,Software Development,5
INFO3001,Advanced Topics in Information Systems,1
MATH1064, Discrete Math,6  
>> Title
Introduction to Programming
Software Development
Data Structures and Algorithms
Advanced Topics in Information Systems
 Football
Database Systems
 Discrete Math
 Computer System
>> >> 
