>> My name is Khai
>> MATH1064
INFO3001
INFO2112
INFO2005
INFO2001
INFO1112
INFO1001
ELEC1601
Code
>> 
