>> mysh: syntax error: expected command after pipe
>> mysh: syntax error: expected command after pipe
>> 
