>> var: invalid characters for variable %invalid*name
>> var: invalid option: -z
>> var: expected 2 arguments, got 3
>> 
