>> var: shell built-in command
>> /usr/sbin/ls
>> notvalid not found
notvalid2 not found
>> 
